NRF24L01.c:36:6:CS_Select	8	static
NRF24L01.c:41:6:CS_UnSelect	8	static
NRF24L01.c:47:6:CE_Enable	8	static
NRF24L01.c:52:6:CE_Disable	8	static
NRF24L01.c:60:6:nrf24_WriteReg	32	static
NRF24L01.c:76:6:nrf24_WriteRegMulti	40	static
NRF24L01.c:93:9:nrf24_ReadReg	32	static
NRF24L01.c:111:6:nrf24_ReadReg_Multi	32	static
NRF24L01.c:125:6:nrfsendCmd	16	static
NRF24L01.c:136:6:nrf24_reset	40	static
NRF24L01.c:184:6:NRF24_Init	8	static
NRF24L01.c:218:6:NRF24_TxMode	32	static
NRF24L01.c:241:9:NRF24_Transmit	40	static
NRF24L01.c:278:6:NRF24_RxMode	32	static
NRF24L01.c:318:9:isDataAvailable	32	static
NRF24L01.c:334:6:NRF24_Receive	32	static
NRF24L01.c:360:6:NRF24_ReadAll	32	static
