nrf24.c:19:6:nrf24_init	8	static
nrf24.c:27:6:nrf24_config	32	static
nrf24.c:68:6:nrf24_rx_address	16	static
nrf24.c:76:9:nrf24_payload_length	8	static
nrf24.c:82:6:nrf24_tx_address	16	static
nrf24.c:91:9:nrf24_dataReady	24	static
nrf24.c:107:9:nrf24_rxFifoEmpty	16	static
nrf24.c:117:9:nrf24_payloadLength	24	static
nrf24.c:128:6:nrf24_getData	16	static
nrf24.c:147:9:nrf24_retransmissionCount	16	static
nrf24.c:157:6:nrf24_send	16	static
nrf24.c:193:9:nrf24_isSending	24	static
nrf24.c:210:9:nrf24_getStatus	24	static
nrf24.c:219:9:nrf24_lastMessageStatus	24	static
nrf24.c:243:6:nrf24_powerUpRx	8	static
nrf24.c:256:6:nrf24_powerUpTx	8	static
nrf24.c:263:6:nrf24_powerDown	8	static
nrf24.c:270:9:spi_transfer	32	static
nrf24.c:280:6:nrf24_transferSync	40	static
nrf24.c:292:6:nrf24_transmitSync	32	static
nrf24.c:304:6:nrf24_configRegister	16	static
nrf24.c:313:6:nrf24_readRegister	16	static
nrf24.c:322:6:nrf24_writeRegister	16	static
